1 elapsed 12
2 elapsed 19
3 elapsed 29
4 elapsed 34
5 elapsed 41
6 elapsed 52
7 elapsed 59
8 elapsed 66
9 elapsed 74
10 elapsed 86
retry 6d83deba61a70b59ad085ba18539057a9bbfba62 JSONDecodeError Unterminated string starting at: line 7 column 490 (char 779)
retry 6d83deba61a70b59ad085ba18539057a9bbfba62 JSONDecodeError Unterminated string starting at: line 7 column 1075 (char 1364)
11 elapsed 112
12 elapsed 117
13 elapsed 123
14 elapsed 132
15 elapsed 144
16 elapsed 150
17 elapsed 155
18 elapsed 162
19 elapsed 167
20 elapsed 176
21 elapsed 182
22 elapsed 190
23 elapsed 195
24 elapsed 199
25 elapsed 204
26 elapsed 210
27 elapsed 217
28 elapsed 224
29 elapsed 231
30 elapsed 238
31 elapsed 247
32 elapsed 252
33 elapsed 259
34 elapsed 264
35 elapsed 271
36 elapsed 276
37 elapsed 283
38 elapsed 289
39 elapsed 295
40 elapsed 301
41 elapsed 310
42 elapsed 317
43 elapsed 323
44 elapsed 333
45 elapsed 345
46 elapsed 352
47 elapsed 359
48 elapsed 368
49 elapsed 378
50 elapsed 386
51 elapsed 392
52 elapsed 403
53 elapsed 408
54 elapsed 415
55 elapsed 424
56 elapsed 433
57 elapsed 440
58 elapsed 447
59 elapsed 458
60 elapsed 466
done 60 failed 1 elapsed 467
