1 elapsed 36
2 elapsed 50
3 elapsed 70
4 elapsed 79
5 elapsed 91
6 elapsed 115
7 elapsed 128
8 elapsed 140
9 elapsed 156
10 elapsed 176
11 elapsed 194
12 elapsed 202
13 elapsed 211
14 elapsed 231
15 elapsed 255
16 elapsed 265
17 elapsed 273
18 elapsed 287
19 elapsed 297
20 elapsed 316
21 elapsed 327
22 elapsed 340
23 elapsed 348
24 elapsed 355
25 elapsed 363
26 elapsed 373
27 elapsed 387
28 elapsed 401
29 elapsed 414
30 elapsed 427
31 elapsed 446
32 elapsed 455
33 elapsed 466
34 elapsed 476
35 elapsed 486
36 elapsed 497
37 elapsed 509
38 elapsed 519
39 elapsed 532
40 elapsed 542
41 elapsed 549
42 elapsed 561
43 elapsed 572
44 elapsed 597
45 elapsed 620
46 elapsed 630
47 elapsed 643
48 elapsed 673
49 elapsed 690
50 elapsed 706
51 elapsed 716
52 elapsed 741
53 elapsed 749
54 elapsed 762
55 elapsed 778
56 elapsed 796
57 elapsed 809
58 elapsed 822
59 elapsed 843
60 elapsed 859
done 60 failed 0 elapsed 860
